// Jest Snapshot v1, https://goo.gl/fbAQLP

exports[`renders calculator 1`] = `
<div
  class="css-12149uf"
>
  <div
    class="autoScalingText"
    style="transform: scale(1,1);"
  >
    0
    put extra text
  </div>
</div>
`;
